###############################################################################
#
# IAR ELF Linker V8.40.2.214/W32 for ARM                  02/Oct/2020  18:45:48
# Copyright 2007-2019 IAR Systems AB.
#
#    Output file  =  C:\Users\297\Desktop\iar\Debug\Exe\1.out
#    Map file     =  C:\Users\297\Desktop\iar\Debug\List\1.map
#    Command line =
#        -f C:\Users\297\AppData\Local\Temp\EWFAB2.tmp
#        (C:\Users\297\Desktop\iar\Debug\Obj\main.o
#        C:\Users\297\Desktop\iar\Debug\Obj\startup_stmF411RE.o
#        --no_out_extension -o C:\Users\297\Desktop\iar\Debug\Exe\1.out
#        --redirect _Printf=_PrintfFullNoMb --redirect _Scanf=_ScanfFullNoMb
#        --map C:\Users\297\Desktop\iar\Debug\List\1.map --config
#        C:\Users\297\Desktop\iar\1.icf --semihosting --entry
#        __iar_program_start --vfe --enable_stack_usage --text_out locale)
#
###############################################################################

*******************************************************************************
*** MESSAGES
***

Warning[Ls015]: [stack usage analysis] at least one function appears to be
          uncalled. Example: "DummyModule::handler()". A complete list of
          uncalled functions is in the map file.


*******************************************************************************
*** RUNTIME MODEL ATTRIBUTES
***

CppFlavor        = *
__CPP_Exceptions = Disabled
__CPP_Language   = C++14
__SystemLibrary  = DLib
__dlib_version   = 6


*******************************************************************************
*** HEAP SELECTION
***

The basic heap was selected because no calls to memory allocation
functions were found in the application outside of system library
functions, and there are calls to deallocation functions in the
application.


*******************************************************************************
*** PLACEMENT SUMMARY
***

"A0":  place at address 0x0 { ro section .intvec };
"P1":  place in [from 0x0 to 0x7'ffff] { ro };
define block CSTACK with size = 0, alignment = 8 { };
define block PROC_STACK with size = 0, alignment = 8 { };
define block HEAP with size = 0, alignment = 8 { };
"P2":  place in [from 0x2000'0000 to 0x2000'ffff] {
          rw, block CSTACK, block PROC_STACK, block HEAP };

No sections matched the following patterns:

  rw  in "P2"


  Section  Kind         Address   Size  Object
  -------  ----         -------   ----  ------
"A0":                            0x198
  .intvec  const            0x0  0x198  startup_stmF411RE.o [1]
                        - 0x198  0x198

"P1":                             0xba
  .text    ro code        0x198   0x3c  main.o [1]
  .text    ro code        0x1d4   0x22  fpinit_M.o [3]
  .rodata  const          0x1f6    0x1  unwind_debug.o [5]
  .text    ro code        0x1f8   0x1e  cmain.o [4]
  .text    ro code        0x216    0x4  low_level_init.o [2]
  .text    ro code        0x21a    0x4  exit.o [2]
  .text    ro code        0x220    0xa  cexit.o [4]
  .text    ro code        0x22c   0x14  exit.o [5]
  .text    ro code        0x240   0x12  startup_stmF411RE.o [1]
                        - 0x252   0xba

"P2":                              0x0
  CSTACK            0x2000'0000    0x0  <Block>

Unused ranges:

         From           To      Size
         ----           --      ----
        0x252     0x7'ffff  0x7'fdae
  0x2000'0000  0x2000'ffff  0x1'0000


*******************************************************************************
*** STACK USAGE
***

  Call Graph Root Category  Max Use  Total Use
  ------------------------  -------  ---------
  Program entry                 16         16
  Uncalled function              0          0


Program entry
  "__iar_program_start": 0x243

  Maximum call chain                               16  bytes

    "__iar_program_start"                           8
    "__cmain"                                       0
    "exit"                                          0
    "_exit"                                         0
    "__exit"                                        8

Uncalled function
  "DummyModule::handler()": 0x241

  Maximum call chain                                0  bytes

    "DummyModule::handler()"                        0


*******************************************************************************
*** MODULE SUMMARY
***

    Module               ro code  ro data
    ------               -------  -------
command line/config:
    -------------------------------------
    Total:

C:\Users\297\Desktop\iar\Debug\Obj: [1]
    main.o                    60
    startup_stmF411RE.o       18      408
    -------------------------------------
    Total:                    78      408

dl7M_tln.a: [2]
    exit.o                     4
    low_level_init.o           4
    -------------------------------------
    Total:                     8

m7M_tls.a: [3]
    fpinit_M.o                34
    -------------------------------------
    Total:                    34

rt7M_tl.a: [4]
    cexit.o                   10
    cmain.o                   30
    -------------------------------------
    Total:                    40

shb_l.a: [5]
    exit.o                    20
    unwind_debug.o                      1
    -------------------------------------
    Total:                    20        1

    Gaps                       5
-----------------------------------------
    Grand Total:             185      409


*******************************************************************************
*** ENTRY LIST
***

Entry                       Address   Size  Type      Object
-----                       -------   ----  ----      ------
?main                         0x1f9         Code  Gb  cmain.o [4]
CSTACK$$Base            0x2000'0000          --   Gb  - Linker created -
CSTACK$$Limit           0x2000'0000          --   Gb  - Linker created -
DummyModule::handler()        0x241    0x2  Code  Gb  startup_stmF411RE.o [1]
Region$$Table$$Base             0x0          --   Gb  - Linker created -
Region$$Table$$Limit            0x0          --   Gb  - Linker created -
__cmain                       0x1f9         Code  Gb  cmain.o [4]
__exit                        0x22d   0x14  Code  Gb  exit.o [5]
__iar_debug_exceptions        0x1f6    0x1  Data  Gb  unwind_debug.o [5]
__iar_init_vfp                0x1d5         Code  Gb  fpinit_M.o [3]
__iar_program_start           0x243   0x10  Code  Gb  startup_stmF411RE.o [1]
__low_level_init              0x217    0x4  Code  Gb  low_level_init.o [2]
__vector_table                  0x0  0x198  Data  Gb  startup_stmF411RE.o [1]
_call_main                    0x205         Code  Gb  cmain.o [4]
_exit                         0x221         Code  Gb  cexit.o [4]
_main                         0x213         Code  Gb  cmain.o [4]
exit                          0x21b    0x4  Code  Gb  exit.o [2]
main                          0x199   0x3c  Code  Gb  main.o [1]


[1] = C:\Users\297\Desktop\iar\Debug\Obj
[2] = dl7M_tln.a
[3] = m7M_tls.a
[4] = rt7M_tl.a
[5] = shb_l.a

  185 bytes of readonly  code memory
  409 bytes of readonly  data memory

Errors: none
Warnings: 1
